2025-11-04 11:53:26,594 [Worker-8: Loading available Gradle versions] INFO  o.e.b.c.i.u.g.PublishedGradleVersions - Gradle version information cache is out-of-date. Trying to update.
2025-11-04 11:54:04,404 [Worker-1: Launching mavenrun-83967e6b-9f29-469b-a00d-f62759e43636] INFO  o.eclipse.m2e.core.internal.Bundles - getClasspathEntries(Bundle=org.eclipse.m2e.maven.runtime_3.9.700.20240602-2313 [299])
2025-11-04 11:54:04,407 [Worker-1: Launching mavenrun-83967e6b-9f29-469b-a00d-f62759e43636] INFO  o.eclipse.m2e.core.internal.Bundles - 	Entry: C:\Users\garin\.p2\pool\plugins\org.eclipse.m2e.maven.runtime_3.9.700.20240602-2313
2025-11-04 11:54:04,407 [Worker-1: Launching mavenrun-83967e6b-9f29-469b-a00d-f62759e43636] INFO  o.eclipse.m2e.core.internal.Bundles - 	Entry: C:\Users\garin\.p2\pool\plugins\org.eclipse.m2e.maven.runtime_3.9.700.20240602-2313\jars\aopalliance-1.0.jar
2025-11-04 11:54:04,408 [Worker-1: Launching mavenrun-83967e6b-9f29-469b-a00d-f62759e43636] INFO  o.eclipse.m2e.core.internal.Bundles - 	Entry: C:\Users\garin\.p2\pool\plugins\org.eclipse.m2e.maven.runtime_3.9.700.20240602-2313\jars\guice-5.1.0.jar
2025-11-04 11:54:04,408 [Worker-1: Launching mavenrun-83967e6b-9f29-469b-a00d-f62759e43636] INFO  o.eclipse.m2e.core.internal.Bundles - 	Entry: C:\Users\garin\.p2\pool\plugins\org.eclipse.m2e.maven.runtime_3.9.700.20240602-2313\jars\httpclient-4.5.14.jar
2025-11-04 11:54:04,408 [Worker-1: Launching mavenrun-83967e6b-9f29-469b-a00d-f62759e43636] INFO  o.eclipse.m2e.core.internal.Bundles - 	Entry: C:\Users\garin\.p2\pool\plugins\org.eclipse.m2e.maven.runtime_3.9.700.20240602-2313\jars\httpcore-4.4.16.jar
2025-11-04 11:54:04,408 [Worker-1: Launching mavenrun-83967e6b-9f29-469b-a00d-f62759e43636] INFO  o.eclipse.m2e.core.internal.Bundles - 	Entry: C:\Users\garin\.p2\pool\plugins\org.eclipse.m2e.maven.runtime_3.9.700.20240602-2313\jars\jansi-2.4.1.jar
2025-11-04 11:54:04,408 [Worker-1: Launching mavenrun-83967e6b-9f29-469b-a00d-f62759e43636] INFO  o.eclipse.m2e.core.internal.Bundles - 	Entry: C:\Users\garin\.p2\pool\plugins\org.eclipse.m2e.maven.runtime_3.9.700.20240602-2313\jars\jcl-over-slf4j-1.7.36.jar
2025-11-04 11:54:04,409 [Worker-1: Launching mavenrun-83967e6b-9f29-469b-a00d-f62759e43636] INFO  o.eclipse.m2e.core.internal.Bundles - 	Entry: C:\Users\garin\.p2\pool\plugins\org.eclipse.m2e.maven.runtime_3.9.700.20240602-2313\jars\maven-artifact-3.9.7.jar
2025-11-04 11:54:04,409 [Worker-1: Launching mavenrun-83967e6b-9f29-469b-a00d-f62759e43636] INFO  o.eclipse.m2e.core.internal.Bundles - 	Entry: C:\Users\garin\.p2\pool\plugins\org.eclipse.m2e.maven.runtime_3.9.700.20240602-2313\jars\maven-builder-support-3.9.7.jar
2025-11-04 11:54:04,409 [Worker-1: Launching mavenrun-83967e6b-9f29-469b-a00d-f62759e43636] INFO  o.eclipse.m2e.core.internal.Bundles - 	Entry: C:\Users\garin\.p2\pool\plugins\org.eclipse.m2e.maven.runtime_3.9.700.20240602-2313\jars\maven-compat-3.9.7.jar
2025-11-04 11:54:04,409 [Worker-1: Launching mavenrun-83967e6b-9f29-469b-a00d-f62759e43636] INFO  o.eclipse.m2e.core.internal.Bundles - 	Entry: C:\Users\garin\.p2\pool\plugins\org.eclipse.m2e.maven.runtime_3.9.700.20240602-2313\jars\maven-core-3.9.7.jar
2025-11-04 11:54:04,409 [Worker-1: Launching mavenrun-83967e6b-9f29-469b-a00d-f62759e43636] INFO  o.eclipse.m2e.core.internal.Bundles - 	Entry: C:\Users\garin\.p2\pool\plugins\org.eclipse.m2e.maven.runtime_3.9.700.20240602-2313\jars\maven-embedder-3.9.7.jar
2025-11-04 11:54:04,409 [Worker-1: Launching mavenrun-83967e6b-9f29-469b-a00d-f62759e43636] INFO  o.eclipse.m2e.core.internal.Bundles - 	Entry: C:\Users\garin\.p2\pool\plugins\org.eclipse.m2e.maven.runtime_3.9.700.20240602-2313\jars\maven-model-3.9.7.jar
2025-11-04 11:54:04,409 [Worker-1: Launching mavenrun-83967e6b-9f29-469b-a00d-f62759e43636] INFO  o.eclipse.m2e.core.internal.Bundles - 	Entry: C:\Users\garin\.p2\pool\plugins\org.eclipse.m2e.maven.runtime_3.9.700.20240602-2313\jars\maven-model-builder-3.9.7.jar
2025-11-04 11:54:04,409 [Worker-1: Launching mavenrun-83967e6b-9f29-469b-a00d-f62759e43636] INFO  o.eclipse.m2e.core.internal.Bundles - 	Entry: C:\Users\garin\.p2\pool\plugins\org.eclipse.m2e.maven.runtime_3.9.700.20240602-2313\jars\maven-plugin-api-3.9.7.jar
2025-11-04 11:54:04,409 [Worker-1: Launching mavenrun-83967e6b-9f29-469b-a00d-f62759e43636] INFO  o.eclipse.m2e.core.internal.Bundles - 	Entry: C:\Users\garin\.p2\pool\plugins\org.eclipse.m2e.maven.runtime_3.9.700.20240602-2313\jars\maven-repository-metadata-3.9.7.jar
2025-11-04 11:54:04,409 [Worker-1: Launching mavenrun-83967e6b-9f29-469b-a00d-f62759e43636] INFO  o.eclipse.m2e.core.internal.Bundles - 	Entry: C:\Users\garin\.p2\pool\plugins\org.eclipse.m2e.maven.runtime_3.9.700.20240602-2313\jars\maven-resolver-api-1.9.20.jar
2025-11-04 11:54:04,409 [Worker-1: Launching mavenrun-83967e6b-9f29-469b-a00d-f62759e43636] INFO  o.eclipse.m2e.core.internal.Bundles - 	Entry: C:\Users\garin\.p2\pool\plugins\org.eclipse.m2e.maven.runtime_3.9.700.20240602-2313\jars\maven-resolver-connector-basic-1.9.20.jar
2025-11-04 11:54:04,410 [Worker-1: Launching mavenrun-83967e6b-9f29-469b-a00d-f62759e43636] INFO  o.eclipse.m2e.core.internal.Bundles - 	Entry: C:\Users\garin\.p2\pool\plugins\org.eclipse.m2e.maven.runtime_3.9.700.20240602-2313\jars\maven-resolver-impl-1.9.20.jar
2025-11-04 11:54:04,410 [Worker-1: Launching mavenrun-83967e6b-9f29-469b-a00d-f62759e43636] INFO  o.eclipse.m2e.core.internal.Bundles - 	Entry: C:\Users\garin\.p2\pool\plugins\org.eclipse.m2e.maven.runtime_3.9.700.20240602-2313\jars\maven-resolver-named-locks-1.9.20.jar
2025-11-04 11:54:04,410 [Worker-1: Launching mavenrun-83967e6b-9f29-469b-a00d-f62759e43636] INFO  o.eclipse.m2e.core.internal.Bundles - 	Entry: C:\Users\garin\.p2\pool\plugins\org.eclipse.m2e.maven.runtime_3.9.700.20240602-2313\jars\maven-resolver-provider-3.9.7.jar
2025-11-04 11:54:04,410 [Worker-1: Launching mavenrun-83967e6b-9f29-469b-a00d-f62759e43636] INFO  o.eclipse.m2e.core.internal.Bundles - 	Entry: C:\Users\garin\.p2\pool\plugins\org.eclipse.m2e.maven.runtime_3.9.700.20240602-2313\jars\maven-resolver-spi-1.9.20.jar
2025-11-04 11:54:04,410 [Worker-1: Launching mavenrun-83967e6b-9f29-469b-a00d-f62759e43636] INFO  o.eclipse.m2e.core.internal.Bundles - 	Entry: C:\Users\garin\.p2\pool\plugins\org.eclipse.m2e.maven.runtime_3.9.700.20240602-2313\jars\maven-resolver-transport-file-1.9.20.jar
2025-11-04 11:54:04,410 [Worker-1: Launching mavenrun-83967e6b-9f29-469b-a00d-f62759e43636] INFO  o.eclipse.m2e.core.internal.Bundles - 	Entry: C:\Users\garin\.p2\pool\plugins\org.eclipse.m2e.maven.runtime_3.9.700.20240602-2313\jars\maven-resolver-transport-http-1.9.20.jar
2025-11-04 11:54:04,410 [Worker-1: Launching mavenrun-83967e6b-9f29-469b-a00d-f62759e43636] INFO  o.eclipse.m2e.core.internal.Bundles - 	Entry: C:\Users\garin\.p2\pool\plugins\org.eclipse.m2e.maven.runtime_3.9.700.20240602-2313\jars\maven-resolver-transport-wagon-1.9.20.jar
2025-11-04 11:54:04,410 [Worker-1: Launching mavenrun-83967e6b-9f29-469b-a00d-f62759e43636] INFO  o.eclipse.m2e.core.internal.Bundles - 	Entry: C:\Users\garin\.p2\pool\plugins\org.eclipse.m2e.maven.runtime_3.9.700.20240602-2313\jars\maven-resolver-util-1.9.20.jar
2025-11-04 11:54:04,410 [Worker-1: Launching mavenrun-83967e6b-9f29-469b-a00d-f62759e43636] INFO  o.eclipse.m2e.core.internal.Bundles - 	Entry: C:\Users\garin\.p2\pool\plugins\org.eclipse.m2e.maven.runtime_3.9.700.20240602-2313\jars\maven-settings-3.9.7.jar
2025-11-04 11:54:04,410 [Worker-1: Launching mavenrun-83967e6b-9f29-469b-a00d-f62759e43636] INFO  o.eclipse.m2e.core.internal.Bundles - 	Entry: C:\Users\garin\.p2\pool\plugins\org.eclipse.m2e.maven.runtime_3.9.700.20240602-2313\jars\maven-settings-builder-3.9.7.jar
2025-11-04 11:54:04,410 [Worker-1: Launching mavenrun-83967e6b-9f29-469b-a00d-f62759e43636] INFO  o.eclipse.m2e.core.internal.Bundles - 	Entry: C:\Users\garin\.p2\pool\plugins\org.eclipse.m2e.maven.runtime_3.9.700.20240602-2313\jars\maven-shared-utils-3.4.2.jar
2025-11-04 11:54:04,410 [Worker-1: Launching mavenrun-83967e6b-9f29-469b-a00d-f62759e43636] INFO  o.eclipse.m2e.core.internal.Bundles - 	Entry: C:\Users\garin\.p2\pool\plugins\org.eclipse.m2e.maven.runtime_3.9.700.20240602-2313\jars\org.eclipse.sisu.inject-0.9.0.M2.jar
2025-11-04 11:54:04,411 [Worker-1: Launching mavenrun-83967e6b-9f29-469b-a00d-f62759e43636] INFO  o.eclipse.m2e.core.internal.Bundles - 	Entry: C:\Users\garin\.p2\pool\plugins\org.eclipse.m2e.maven.runtime_3.9.700.20240602-2313\jars\org.eclipse.sisu.plexus-0.9.0.M2.jar
2025-11-04 11:54:04,411 [Worker-1: Launching mavenrun-83967e6b-9f29-469b-a00d-f62759e43636] INFO  o.eclipse.m2e.core.internal.Bundles - 	Entry: C:\Users\garin\.p2\pool\plugins\org.eclipse.m2e.maven.runtime_3.9.700.20240602-2313\jars\plexus-build-api-0.0.7.jar
2025-11-04 11:54:04,411 [Worker-1: Launching mavenrun-83967e6b-9f29-469b-a00d-f62759e43636] INFO  o.eclipse.m2e.core.internal.Bundles - 	Entry: C:\Users\garin\.p2\pool\plugins\org.eclipse.m2e.maven.runtime_3.9.700.20240602-2313\jars\plexus-build-api-1.2.0.jar
2025-11-04 11:54:04,411 [Worker-1: Launching mavenrun-83967e6b-9f29-469b-a00d-f62759e43636] INFO  o.eclipse.m2e.core.internal.Bundles - 	Entry: C:\Users\garin\.p2\pool\plugins\org.eclipse.m2e.maven.runtime_3.9.700.20240602-2313\jars\plexus-cipher-2.0.jar
2025-11-04 11:54:04,411 [Worker-1: Launching mavenrun-83967e6b-9f29-469b-a00d-f62759e43636] INFO  o.eclipse.m2e.core.internal.Bundles - 	Entry: C:\Users\garin\.p2\pool\plugins\org.eclipse.m2e.maven.runtime_3.9.700.20240602-2313\jars\plexus-classworlds-2.8.0.jar
2025-11-04 11:54:04,411 [Worker-1: Launching mavenrun-83967e6b-9f29-469b-a00d-f62759e43636] INFO  o.eclipse.m2e.core.internal.Bundles - 	Entry: C:\Users\garin\.p2\pool\plugins\org.eclipse.m2e.maven.runtime_3.9.700.20240602-2313\jars\plexus-component-annotations-2.1.0.jar
2025-11-04 11:54:04,411 [Worker-1: Launching mavenrun-83967e6b-9f29-469b-a00d-f62759e43636] INFO  o.eclipse.m2e.core.internal.Bundles - 	Entry: C:\Users\garin\.p2\pool\plugins\org.eclipse.m2e.maven.runtime_3.9.700.20240602-2313\jars\plexus-interpolation-1.27.jar
2025-11-04 11:54:04,411 [Worker-1: Launching mavenrun-83967e6b-9f29-469b-a00d-f62759e43636] INFO  o.eclipse.m2e.core.internal.Bundles - 	Entry: C:\Users\garin\.p2\pool\plugins\org.eclipse.m2e.maven.runtime_3.9.700.20240602-2313\jars\plexus-sec-dispatcher-2.0.jar
2025-11-04 11:54:04,411 [Worker-1: Launching mavenrun-83967e6b-9f29-469b-a00d-f62759e43636] INFO  o.eclipse.m2e.core.internal.Bundles - 	Entry: C:\Users\garin\.p2\pool\plugins\org.eclipse.m2e.maven.runtime_3.9.700.20240602-2313\jars\plexus-utils-3.5.1.jar
2025-11-04 11:54:04,411 [Worker-1: Launching mavenrun-83967e6b-9f29-469b-a00d-f62759e43636] INFO  o.eclipse.m2e.core.internal.Bundles - 	Entry: C:\Users\garin\.p2\pool\plugins\org.eclipse.m2e.maven.runtime_3.9.700.20240602-2313\jars\wagon-file-3.5.3.jar
2025-11-04 11:54:04,412 [Worker-1: Launching mavenrun-83967e6b-9f29-469b-a00d-f62759e43636] INFO  o.eclipse.m2e.core.internal.Bundles - 	Entry: C:\Users\garin\.p2\pool\plugins\org.eclipse.m2e.maven.runtime_3.9.700.20240602-2313\jars\wagon-http-3.5.3.jar
2025-11-04 11:54:04,412 [Worker-1: Launching mavenrun-83967e6b-9f29-469b-a00d-f62759e43636] INFO  o.eclipse.m2e.core.internal.Bundles - 	Entry: C:\Users\garin\.p2\pool\plugins\org.eclipse.m2e.maven.runtime_3.9.700.20240602-2313\jars\wagon-http-shared-3.5.3.jar
2025-11-04 11:54:04,412 [Worker-1: Launching mavenrun-83967e6b-9f29-469b-a00d-f62759e43636] INFO  o.eclipse.m2e.core.internal.Bundles - 	Entry: C:\Users\garin\.p2\pool\plugins\org.eclipse.m2e.maven.runtime_3.9.700.20240602-2313\jars\wagon-provider-api-3.5.3.jar
2025-11-04 11:54:04,416 [Worker-1: Launching mavenrun-83967e6b-9f29-469b-a00d-f62759e43636] INFO  o.eclipse.m2e.core.internal.Bundles - getClasspathEntries(Bundle=com.google.guava_33.2.0.jre [10])
2025-11-04 11:54:04,417 [Worker-1: Launching mavenrun-83967e6b-9f29-469b-a00d-f62759e43636] INFO  o.eclipse.m2e.core.internal.Bundles - 	Entry: C:\Users\garin\.p2\pool\plugins\com.google.guava_33.2.0.jre.jar
2025-11-04 11:54:04,417 [Worker-1: Launching mavenrun-83967e6b-9f29-469b-a00d-f62759e43636] INFO  o.eclipse.m2e.core.internal.Bundles - getClasspathEntries(Bundle=slf4j.api_2.0.16 [520])
2025-11-04 11:54:04,417 [Worker-1: Launching mavenrun-83967e6b-9f29-469b-a00d-f62759e43636] INFO  o.eclipse.m2e.core.internal.Bundles - 	Entry: C:\Users\garin\.p2\pool\plugins\slf4j.api_2.0.16.jar
2025-11-04 11:54:04,417 [Worker-1: Launching mavenrun-83967e6b-9f29-469b-a00d-f62759e43636] INFO  o.eclipse.m2e.core.internal.Bundles - getClasspathEntries(Bundle=jakarta.inject.jakarta.inject-api_1.0.5 [21])
2025-11-04 11:54:04,417 [Worker-1: Launching mavenrun-83967e6b-9f29-469b-a00d-f62759e43636] INFO  o.eclipse.m2e.core.internal.Bundles - 	Entry: C:\Users\garin\.p2\pool\plugins\jakarta.inject.jakarta.inject-api_1.0.5.jar
2025-11-04 11:54:04,417 [Worker-1: Launching mavenrun-83967e6b-9f29-469b-a00d-f62759e43636] INFO  o.eclipse.m2e.core.internal.Bundles - getClasspathEntries(Bundle=javax.annotation_1.3.5.v20200909-1856 [24])
2025-11-04 11:54:04,417 [Worker-1: Launching mavenrun-83967e6b-9f29-469b-a00d-f62759e43636] INFO  o.eclipse.m2e.core.internal.Bundles - 	Entry: C:\Users\garin\.p2\pool\plugins\javax.annotation_1.3.5.v20200909-1856.jar
2025-11-04 11:54:04,417 [Worker-1: Launching mavenrun-83967e6b-9f29-469b-a00d-f62759e43636] INFO  o.eclipse.m2e.core.internal.Bundles - getClasspathEntries(Bundle=org.apache.commons.cli_1.8.0 [47])
2025-11-04 11:54:04,417 [Worker-1: Launching mavenrun-83967e6b-9f29-469b-a00d-f62759e43636] INFO  o.eclipse.m2e.core.internal.Bundles - 	Entry: C:\Users\garin\.p2\pool\plugins\org.apache.commons.cli_1.8.0.jar
2025-11-04 11:54:04,418 [Worker-1: Launching mavenrun-83967e6b-9f29-469b-a00d-f62759e43636] INFO  o.eclipse.m2e.core.internal.Bundles - getClasspathEntries(Bundle=org.apache.commons.commons-codec_1.16.0 [48])
2025-11-04 11:54:04,418 [Worker-1: Launching mavenrun-83967e6b-9f29-469b-a00d-f62759e43636] INFO  o.eclipse.m2e.core.internal.Bundles - 	Entry: C:\Users\garin\.p2\pool\plugins\org.apache.commons.commons-codec_1.16.0.jar
2025-11-04 11:54:04,418 [Worker-1: Launching mavenrun-83967e6b-9f29-469b-a00d-f62759e43636] INFO  o.eclipse.m2e.core.internal.Bundles - getClasspathEntries(Bundle=org.apache.commons.lang3_3.14.0 [54])
2025-11-04 11:54:04,418 [Worker-1: Launching mavenrun-83967e6b-9f29-469b-a00d-f62759e43636] INFO  o.eclipse.m2e.core.internal.Bundles - 	Entry: C:\Users\garin\.p2\pool\plugins\org.apache.commons.lang3_3.14.0.jar
2025-11-04 11:54:04,418 [Worker-1: Launching mavenrun-83967e6b-9f29-469b-a00d-f62759e43636] INFO  o.eclipse.m2e.core.internal.Bundles - getClasspathEntries(Bundle=com.google.guava.failureaccess_1.0.2 [11])
2025-11-04 11:54:04,418 [Worker-1: Launching mavenrun-83967e6b-9f29-469b-a00d-f62759e43636] INFO  o.eclipse.m2e.core.internal.Bundles - 	Entry: C:\Users\garin\.p2\pool\plugins\com.google.guava.failureaccess_1.0.2.jar
2025-11-04 11:54:04,427 [Worker-1: Launching mavenrun-83967e6b-9f29-469b-a00d-f62759e43636] INFO  o.e.m.i.launch.MavenLaunchDelegate - Run build in "C:\Users\garin\AppData\Local\Temp\m2e-archetypeGenerator8461025598913287229":
2025-11-04 11:54:04,431 [Worker-1: Launching mavenrun-83967e6b-9f29-469b-a00d-f62759e43636] INFO  o.e.m.i.launch.MavenLaunchDelegate -  mvn  -DarchetypeGroupId=org.apache.maven.archetypes -DarchetypeArtifactId=maven-archetype-simple -DarchetypeVersion=1.5 -DgroupId=org.Cuatrovientos.Dam.Psp -DartifactId=Tamagotchi -Dversion=0.0.1-SNAPSHOT -Dpackage=org.Cuatrovientos.Dam.Psp.Tamagotchi -DoutputDirectory="C:\Users\garin\Documents\Curso 25-26\Psp\1.Evaluacion\EntregaTamagotchiReal" -Dstyle.color=always -U archetype:generate
2025-11-04 11:57:27,110 [Worker-0: Creating maven-archetype-simple] INFO  o.e.m.c.i.p.ProjectConfigurationManager - Collecting project info '/pom.xml' C:\Users\garin\Documents\Curso 25-26\Psp\1.Evaluacion\EntregaTamagotchiReal\Tamagotchi\pom.xml
2025-11-04 11:57:29,660 [Worker-0: Creating maven-archetype-simple] INFO  o.e.m.c.i.l.LifecycleMappingFactory - Using org.eclipse.m2e.jdt.JarLifecycleMapping lifecycle mapping for MavenProject: org.Cuatrovientos.Dam.Psp:Tamagotchi:0.0.1-SNAPSHOT @ C:\Users\garin\Documents\Curso 25-26\Psp\1.Evaluacion\EntregaTamagotchiReal\Tamagotchi\pom.xml.
2025-11-04 11:57:31,709 [Worker-0: Creating maven-archetype-simple] INFO  o.e.m.j.i.AbstractJavaProjectConfigurator - Adding source folder /Tamagotchi/src/main/java
2025-11-04 11:57:31,710 [Worker-0: Creating maven-archetype-simple] INFO  o.e.m.j.i.AbstractJavaProjectConfigurator - Adding resource folder /Tamagotchi/src/main/resources
2025-11-04 11:57:31,738 [Worker-0: Creating maven-archetype-simple] INFO  o.e.m.j.i.AbstractJavaProjectConfigurator - Adding source folder /Tamagotchi/src/test/java
2025-11-04 11:57:31,744 [Worker-0: Creating maven-archetype-simple] INFO  o.e.m.j.i.AbstractJavaProjectConfigurator - Adding resource folder /Tamagotchi/src/test/resources
2025-11-04 11:57:32,082 [Worker-0: Creating maven-archetype-simple] INFO  o.e.m.c.i.p.ProjectConfigurationManager - Imported and configured 1 project(s) in 4 sec
2025-11-04 11:57:33,675 [Worker-12: Building] INFO  o.a.m.s.f.DefaultMavenResourcesFiltering - skip non existing resourceDirectory C:\Users\garin\Documents\Curso 25-26\Psp\1.Evaluacion\EntregaTamagotchiReal\Tamagotchi\src\main\resources
2025-11-04 11:57:33,682 [Worker-12: Building] INFO  o.a.m.s.f.DefaultMavenResourcesFiltering - skip non existing resourceDirectory C:\Users\garin\Documents\Curso 25-26\Psp\1.Evaluacion\EntregaTamagotchiReal\Tamagotchi\src\test\resources
2025-11-04 11:59:25,408 [Worker-6: Building] INFO  o.a.m.s.f.DefaultMavenResourcesFiltering - skip non existing resourceDirectory C:\Users\garin\Documents\Curso 25-26\Psp\1.Evaluacion\EntregaTamagotchiReal\Tamagotchi\src\main\resources
2025-11-04 11:59:25,412 [Worker-6: Building] INFO  o.a.m.s.f.DefaultMavenResourcesFiltering - skip non existing resourceDirectory C:\Users\garin\Documents\Curso 25-26\Psp\1.Evaluacion\EntregaTamagotchiReal\Tamagotchi\src\test\resources
2025-11-04 11:59:31,028 [Worker-15: Building] INFO  o.a.m.s.f.DefaultMavenResourcesFiltering - skip non existing resourceDirectory C:\Users\garin\Documents\Curso 25-26\Psp\1.Evaluacion\EntregaTamagotchiReal\Tamagotchi\src\main\resources
2025-11-04 11:59:31,032 [Worker-15: Building] INFO  o.a.m.s.f.DefaultMavenResourcesFiltering - skip non existing resourceDirectory C:\Users\garin\Documents\Curso 25-26\Psp\1.Evaluacion\EntregaTamagotchiReal\Tamagotchi\src\test\resources
2025-11-04 12:10:40,437 [Worker-23: Building] INFO  o.a.m.s.f.DefaultMavenResourcesFiltering - skip non existing resourceDirectory C:\Users\garin\Documents\Curso 25-26\Psp\1.Evaluacion\EntregaTamagotchiReal\Tamagotchi\src\main\resources
2025-11-04 12:10:40,441 [Worker-23: Building] INFO  o.a.m.s.f.DefaultMavenResourcesFiltering - skip non existing resourceDirectory C:\Users\garin\Documents\Curso 25-26\Psp\1.Evaluacion\EntregaTamagotchiReal\Tamagotchi\src\test\resources
